../Core/Src/main.cpp:119:5:int main()	8	static
../Core/Src/main.cpp:216:6:void SystemClock_Config()	104	static
../Core/Src/main.cpp:276:13:void MX_I2C1_Init()	8	static
../Core/Src/main.cpp:324:13:void MX_ICACHE_Init()	8	static
../Core/Src/main.cpp:356:13:void MX_IWDG_Init()	8	static
../Core/Src/main.cpp:385:13:void MX_RTC_Init()	32	static
../Core/Src/main.cpp:432:13:void MX_SPI1_Init()	8	static
../Core/Src/main.cpp:472:13:void MX_SPI2_Init()	8	static
../Core/Src/main.cpp:512:13:void MX_TIM1_Init()	120	static
../Core/Src/main.cpp:602:13:void MX_TIM3_Init()	64	static
../Core/Src/main.cpp:673:13:void MX_TIM4_Init()	64	static
../Core/Src/main.cpp:732:13:void MX_UART4_Init()	8	static
../Core/Src/main.cpp:780:13:void MX_USART2_UART_Init()	8	static
../Core/Src/main.cpp:828:13:void MX_USART3_UART_Init()	8	static
../Core/Src/main.cpp:874:13:void MX_DMA_Init()	24	static
../Core/Src/main.cpp:924:13:void MX_GPIO_Init()	48	static
../Core/Src/main.cpp:991:6:void StartDefaultTask(void*)	16	static
../Core/Src/main.cpp:1006:6:void HAL_TIM_PeriodElapsedCallback(TIM_HandleTypeDef*)	16	static
../Core/Src/main.cpp:1024:6:void Error_Handler()	4	static,ignoring_inline_asm
