../../zeropilot4.0/build/h753iit-quad/include/rc_datatypes.hpp:38:9:RCControl::RCControl()	16	static
../../zeropilot4.0/build/h753iit-quad/include/rc_iface.hpp:7:9:constexpr IRCReceiver::IRCReceiver()	16	static
../../zeropilot4.0/build/h753iit-quad/include/rc_iface.hpp:10:17:IRCReceiver::~IRCReceiver()	16	static
../../zeropilot4.0/build/h753iit-quad/include/rc_iface.hpp:10:17:virtual IRCReceiver::~IRCReceiver()	16	static
../boardfiles/drivers/rc/rc_sbus.cpp:57:1:SBUSReceiver::SBUSReceiver(UART_HandleTypeDef*)	16	static
../boardfiles/drivers/rc/rc_sbus.cpp:62:21:UART_HandleTypeDef* SBUSReceiver::getHUART()	16	static
../boardfiles/drivers/rc/rc_sbus.cpp:66:11:virtual RCControl SBUSReceiver::getRCData()	16	static
../boardfiles/drivers/rc/rc_sbus.cpp:72:6:void SBUSReceiver::init()	16	static
../boardfiles/drivers/rc/rc_sbus.cpp:77:6:void SBUSReceiver::startDMA()	16	static
../boardfiles/drivers/rc/rc_sbus.cpp:81:6:void SBUSReceiver::parse()	24	static
../boardfiles/drivers/rc/rc_sbus.cpp:95:7:float SBUSReceiver::sbusToRCControl(uint8_t*, int)	48	static
../boardfiles/drivers/rc/rc_sbus.hpp:13:7:SBUSReceiver::~SBUSReceiver()	16	static
../boardfiles/drivers/rc/rc_sbus.hpp:13:7:virtual SBUSReceiver::~SBUSReceiver()	16	static
