../../zeropilot4.0/build/l552-quad/include/power_module_iface.hpp:20:5:constexpr IPowerModule::IPowerModule()	16	static
../../zeropilot4.0/build/l552-quad/include/power_module_iface.hpp:23:13:IPowerModule::~IPowerModule()	16	static
../../zeropilot4.0/build/l552-quad/include/power_module_iface.hpp:23:13:virtual IPowerModule::~IPowerModule()	16	static
../boardfiles/drivers/power_module/power_module.cpp:4:1:PowerModule::PowerModule(I2C_HandleTypeDef*)	16	static
../boardfiles/drivers/power_module/power_module.cpp:7:6:bool PowerModule::init()	40	static
../boardfiles/drivers/power_module/power_module.cpp:43:6:bool PowerModule::writeRegister(uint16_t, uint8_t*, uint16_t, I2C_HandleTypeDef*)	32	static
../boardfiles/drivers/power_module/power_module.cpp:53:6:bool PowerModule::readRegister(uint16_t, uint8_t*, uint16_t, I2C_HandleTypeDef*)	32	static
../boardfiles/drivers/power_module/power_module.cpp:62:6:void PowerModule::I2C_MemRxCpltCallback()	24	static
../boardfiles/drivers/power_module/power_module.cpp:91:6:void PowerModule::parse(I2C_HandleTypeDef*)	24	static
../boardfiles/drivers/power_module/power_module.cpp:97:6:virtual bool PowerModule::readData(PMData_t*)	160	static
../boardfiles/drivers/power_module/power_module.cpp:121:20:I2C_HandleTypeDef* PowerModule::getI2C()	16	static
../boardfiles/drivers/power_module/power_module.hpp:45:7:PowerModule::~PowerModule()	16	static
../boardfiles/drivers/power_module/power_module.hpp:45:7:virtual PowerModule::~PowerModule()	16	static
