../../zeropilot4.0/build/l552-fw/include/rc_datatypes.hpp:38:9:RCControl::RCControl()	16	static
../../zeropilot4.0/build/l552-fw/include/rc_iface.hpp:7:9:constexpr IRCReceiver::IRCReceiver()	16	static
../../zeropilot4.0/build/l552-fw/include/rc_iface.hpp:10:17:IRCReceiver::~IRCReceiver()	16	static
../../zeropilot4.0/build/l552-fw/include/rc_iface.hpp:10:17:virtual IRCReceiver::~IRCReceiver()	16	static
../boardfiles/drivers/rc/rc_crsf.cpp:7:1:CRSFReceiver::CRSFReceiver(UART_HandleTypeDef*)	16	static
../boardfiles/drivers/rc/rc_crsf.cpp:11:11:virtual RCControl CRSFReceiver::getRCData()	16	static
../boardfiles/drivers/rc/rc_crsf.cpp:17:6:void CRSFReceiver::init()	16	static
../boardfiles/drivers/rc/rc_crsf.cpp:23:6:void CRSFReceiver::startDMA()	16	static
../boardfiles/drivers/rc/rc_crsf.cpp:29:16:uint8_t crsf_crc8(const uint8_t*, uint8_t)	24	static
../boardfiles/drivers/rc/rc_crsf.cpp:43:6:void CRSFReceiver::parse()	80	static
../boardfiles/drivers/rc/rc_crsf.cpp:91:22:UART_HandleTypeDef* CRSFReceiver::getHUART()	16	static
../boardfiles/drivers/rc/rc_crsf.hpp:22:7:CRSFReceiver::~CRSFReceiver()	16	static
../boardfiles/drivers/rc/rc_crsf.hpp:22:7:virtual CRSFReceiver::~CRSFReceiver()	16	static
