../boardfiles/drivers/rc/rc_sbus.cpp:66:11:virtual RCControl SBUSReceiver::getRCData()	16	static
../boardfiles/drivers/rc/rc_sbus.hpp:13:7:SBUSReceiver::~SBUSReceiver()	0	static
../boardfiles/drivers/rc/rc_sbus.hpp:13:7:virtual SBUSReceiver::~SBUSReceiver()	8	static
../boardfiles/drivers/rc/rc_sbus.cpp:57:1:SBUSReceiver::SBUSReceiver(UART_HandleTypeDef*)	8	static
../boardfiles/drivers/rc/rc_sbus.cpp:62:21:UART_HandleTypeDef* SBUSReceiver::getHUART()	0	static
../boardfiles/drivers/rc/rc_sbus.cpp:72:6:void SBUSReceiver::init()	0	static
../boardfiles/drivers/rc/rc_sbus.cpp:77:6:void SBUSReceiver::startDMA()	0	static
../boardfiles/drivers/rc/rc_sbus.cpp:95:7:float SBUSReceiver::sbusToRCControl(uint8_t*, int)	16	static
../boardfiles/drivers/rc/rc_sbus.cpp:81:6:void SBUSReceiver::parse()	16	static
