../boardfiles/drivers/imu/imu.hpp:15:7:IMU::~IMU()	0	static
../boardfiles/drivers/imu/imu.hpp:15:7:virtual IMU::~IMU()	8	static
../boardfiles/drivers/imu/imu.cpp:14:1:IMU::IMU(SPI_HandleTypeDef*, GPIO_TypeDef*, uint16_t)	16	static
../boardfiles/drivers/imu/imu.cpp:28:6:void IMU::csLow()	0	static
../boardfiles/drivers/imu/imu.cpp:33:6:void IMU::csHigh()	0	static
../boardfiles/drivers/imu/imu.cpp:38:19:HAL_StatusTypeDef IMU::setBank(uint8_t)	24	static
../boardfiles/drivers/imu/imu.cpp:52:19:HAL_StatusTypeDef IMU::readRegister(uint8_t, uint8_t, uint8_t*)	40	static
../boardfiles/drivers/imu/imu.cpp:72:19:HAL_StatusTypeDef IMU::writeRegister(uint8_t, uint8_t, uint8_t)	32	static
../boardfiles/drivers/imu/imu.cpp:102:6:void IMU::setLowNoiseMode()	0	static
../boardfiles/drivers/imu/imu.cpp:107:6:void IMU::reset()	8	static
../boardfiles/drivers/imu/imu.cpp:114:9:uint8_t IMU::whoAmI()	16	static
../boardfiles/drivers/imu/imu.cpp:127:5:virtual int IMU::init()	16	static
../boardfiles/drivers/imu/imu.cpp:121:7:float IMU::lowPassFilter(float, int)	0	static
../boardfiles/drivers/imu/imu.cpp:180:13:virtual ScaledImu_t IMU::scaleIMUData(const RawImu_t&)	8	static
../boardfiles/drivers/imu/imu.cpp:140:6:void IMU::txRxCallback()	8	static
../boardfiles/drivers/imu/imu.cpp:145:6:void IMU::processRawData()	32	static
../boardfiles/drivers/imu/imu.cpp:86:10:virtual RawImu_t IMU::readRawData()	16	static
