../../zeropilot4.0/build/h753iit-fw/include/gps_iface.hpp:7:5:constexpr IGPS::IGPS()	16	static
../../zeropilot4.0/build/h753iit-fw/include/gps_iface.hpp:10:13:IGPS::~IGPS()	16	static
../../zeropilot4.0/build/h753iit-fw/include/gps_iface.hpp:10:13:virtual IGPS::~IGPS()	16	static
../boardfiles/drivers/gps/gps.cpp:6:1:GPS::GPS(UART_HandleTypeDef*)	16	static
../boardfiles/drivers/gps/gps.cpp:8:21:UART_HandleTypeDef* GPS::getHUART()	16	static
../boardfiles/drivers/gps/gps.cpp:12:6:bool GPS::init()	24	static
../boardfiles/drivers/gps/gps.cpp:26:19:HAL_StatusTypeDef GPS::enableMessage(uint8_t, uint8_t)	32	static
../boardfiles/drivers/gps/gps.cpp:43:6:void GPS::calcChecksum(uint8_t*, uint16_t)	32	static
../boardfiles/drivers/gps/gps.cpp:53:6:bool GPS::sendUBX(uint8_t*, uint16_t)	24	static
../boardfiles/drivers/gps/gps.cpp:58:11:virtual GpsData_t GPS::readData()	32	static
../boardfiles/drivers/gps/gps.cpp:72:6:void GPS::processGPSData()	16	static
../boardfiles/drivers/gps/gps.cpp:76:6:bool GPS::parseUBX()	24	static
../boardfiles/drivers/gps/gps.cpp:114:6:bool GPS::parseRMC()	24	static
../boardfiles/drivers/gps/gps.cpp:177:6:bool GPS::parseGGA()	32	static
../boardfiles/drivers/gps/gps.cpp:210:6:bool GPS::getTimeRMC(int&)	24	static
../boardfiles/drivers/gps/gps.cpp:224:6:bool GPS::getLatitudeRMC(int&)	32	static
../boardfiles/drivers/gps/gps.cpp:259:6:bool GPS::getLongitudeRMC(int&)	32	static
../boardfiles/drivers/gps/gps.cpp:293:6:bool GPS::getSpeedRMC(int&)	24	static
../boardfiles/drivers/gps/gps.cpp:313:6:bool GPS::getTrackAngleRMC(int&)	24	static
../boardfiles/drivers/gps/gps.cpp:339:6:bool GPS::getDateRMC(int&)	32	static
../boardfiles/drivers/gps/gps.cpp:353:6:bool GPS::getNumSatellitesGGA(int&)	24	static
../boardfiles/drivers/gps/gps.cpp:366:6:bool GPS::getAltitudeGGA(int&)	24	static
../boardfiles/drivers/gps/gps.cpp:386:6:bool GPS::getVx(int&)	24	static
../boardfiles/drivers/gps/gps.cpp:396:6:bool GPS::getVy(int&)	24	static
../boardfiles/drivers/gps/gps.cpp:406:6:bool GPS::getVz(int&)	24	static
../boardfiles/drivers/gps/gps.hpp:9:7:GPS::~GPS()	16	static
../boardfiles/drivers/gps/gps.hpp:9:7:virtual GPS::~GPS()	16	static
