../boardfiles/drivers/systemutils/systemutils.cpp:15:6:virtual void SystemUtils::delayMs(uint32_t)	16	static
../boardfiles/drivers/systemutils/systemutils.cpp:19:10:virtual uint32_t SystemUtils::getCurrentTimestampMs()	24	static
../boardfiles/drivers/systemutils/systemutils.cpp:24:6:void SystemUtils::dwtInit()	16	static
../boardfiles/drivers/systemutils/systemutils.cpp:30:6:virtual void SystemUtils::profilerRegister(const char*, uint8_t*)	32	static
../boardfiles/drivers/systemutils/systemutils.cpp:38:6:virtual void SystemUtils::profilerBegin(uint8_t)	24	static
../boardfiles/drivers/systemutils/systemutils.cpp:44:6:virtual void SystemUtils::profilerEnd(uint8_t)	24	static
../boardfiles/drivers/systemutils/systemutils.cpp:49:6:virtual void SystemUtils::profilerGetAll(TaskProfile*, uint8_t*)	32	static
../../zeropilot4.0/build/h753iit-quad/include/systemutils_iface.hpp:18:17:ISystemUtils::~ISystemUtils()	16	static
../../zeropilot4.0/build/h753iit-quad/include/systemutils_iface.hpp:18:17:virtual ISystemUtils::~ISystemUtils()	16	static
../boardfiles/drivers/systemutils/systemutils.hpp:6:7:SystemUtils::~SystemUtils()	16	static
../boardfiles/drivers/systemutils/systemutils.hpp:6:7:virtual SystemUtils::~SystemUtils()	16	static
