../Core/Src/main.cpp:126:5:int main()	8	static
../Core/Src/main.cpp:229:6:void SystemClock_Config()	120	static
../Core/Src/main.cpp:290:13:void MX_ADC3_Init()	40	static
../Core/Src/main.cpp:350:13:void MX_I2C1_Init()	8	static
../Core/Src/main.cpp:398:13:void MX_IWDG1_Init()	8	static
../Core/Src/main.cpp:427:13:void MX_SPI1_Init()	8	static
../Core/Src/main.cpp:475:13:void MX_SPI4_Init()	8	static
../Core/Src/main.cpp:523:13:void MX_TIM1_Init()	112	static
../Core/Src/main.cpp:615:13:void MX_TIM2_Init()	64	static
../Core/Src/main.cpp:686:13:void MX_TIM3_Init()	64	static
../Core/Src/main.cpp:749:13:void MX_TIM16_Init()	80	static
../Core/Src/main.cpp:812:13:void MX_TIM17_Init()	80	static
../Core/Src/main.cpp:875:13:void MX_UART4_Init()	8	static
../Core/Src/main.cpp:923:13:void MX_UART8_Init()	8	static
../Core/Src/main.cpp:971:13:void MX_USART1_UART_Init()	8	static
../Core/Src/main.cpp:1019:13:void MX_USART2_UART_Init()	8	static
../Core/Src/main.cpp:1067:13:void MX_USART3_UART_Init()	8	static
../Core/Src/main.cpp:1115:13:void MX_USART6_UART_Init()	8	static
../Core/Src/main.cpp:1161:13:void MX_DMA_Init()	16	static
../Core/Src/main.cpp:1200:13:void MX_GPIO_Init()	56	static
../Core/Src/main.cpp:1294:6:void StartDefaultTask(void*)	16	static
../Core/Src/main.cpp:1307:6:void MPU_Config()	24	static
../Core/Src/main.cpp:1342:6:void HAL_TIM_PeriodElapsedCallback(TIM_HandleTypeDef*)	16	static
../Core/Src/main.cpp:1360:6:void Error_Handler()	4	static,ignoring_inline_asm
