../Core/Src/main.cpp:130:5:int main()	8	static
../Core/Src/main.cpp:233:6:void SystemClock_Config()	120	static
../Core/Src/main.cpp:294:13:void MX_ADC3_Init()	40	static
../Core/Src/main.cpp:354:13:void MX_I2C1_Init()	8	static
../Core/Src/main.cpp:402:13:void MX_IWDG1_Init()	8	static
../Core/Src/main.cpp:431:13:void MX_SPI1_Init()	8	static
../Core/Src/main.cpp:479:13:void MX_SPI4_Init()	8	static
../Core/Src/main.cpp:527:13:void MX_TIM1_Init()	112	static
../Core/Src/main.cpp:619:13:void MX_TIM2_Init()	64	static
../Core/Src/main.cpp:690:13:void MX_TIM3_Init()	64	static
../Core/Src/main.cpp:753:13:void MX_TIM16_Init()	80	static
../Core/Src/main.cpp:816:13:void MX_TIM17_Init()	80	static
../Core/Src/main.cpp:879:13:void MX_UART4_Init()	8	static
../Core/Src/main.cpp:927:13:void MX_UART8_Init()	8	static
../Core/Src/main.cpp:975:13:void MX_USART1_UART_Init()	8	static
../Core/Src/main.cpp:1023:13:void MX_USART2_UART_Init()	8	static
../Core/Src/main.cpp:1071:13:void MX_USART3_UART_Init()	8	static
../Core/Src/main.cpp:1119:13:void MX_USART6_UART_Init()	8	static
../Core/Src/main.cpp:1165:13:void MX_DMA_Init()	16	static
../Core/Src/main.cpp:1217:13:void MX_GPIO_Init()	56	static
../Core/Src/main.cpp:1311:6:void StartDefaultTask(void*)	16	static
../Core/Src/main.cpp:1324:6:void MPU_Config()	24	static
../Core/Src/main.cpp:1359:6:void HAL_TIM_PeriodElapsedCallback(TIM_HandleTypeDef*)	16	static
../Core/Src/main.cpp:1377:6:void Error_Handler()	4	static,ignoring_inline_asm
