../Core/Src/canard.c:1110:27:dlcToDataLength	0	static
../Core/Src/canard.c:1281:23:pushTxQueue	28	static
../Core/Src/canard.c:1653:7:copyBitArray	32	static
../Core/Src/canard.c:1845:27:crcAddByte	0	static
../Core/Src/canard.c:1871:27:crcAdd	16	static
../Core/Src/canard.c:1907:24:allocateBlock	0	static
../Core/Src/canard.c:1505:33:createRxState	48	static
../Core/Src/canard.c:288:27:calculateCRC	32	static
../Core/Src/canard.c:1523:27:releaseStatePayload.isra	8	static
../Core/Src/canard.c:1543:26:bufferBlockPushBytes	40	static
../Core/Src/canard.c:1152:26:enqueueTxFrames	48	static
../Core/Src/canard.c:67:7:canardInit	24	static
../Core/Src/canard.c:104:8:canardGetUserReference	0	static
../Core/Src/canard.c:110:7:canardSetLocalNodeID	0	static
../Core/Src/canard.c:126:10:canardGetLocalNodeID	0	static
../Core/Src/canard.c:131:7:canardForgetLocalNodeID	0	static
../Core/Src/canard.c:135:7:canardInitTxTransfer	0	static
../Core/Src/canard.c:182:10:canardBroadcastObj	24	static
../Core/Src/canard.c:142:10:canardBroadcast	56	static
../Core/Src/canard.c:355:10:canardRequestOrRespondObj	24	static
../Core/Src/canard.c:314:10:canardRequestOrRespond	56	static
../Core/Src/canard.c:387:18:canardPeekTxQueue	0	static
../Core/Src/canard.c:396:7:canardPopTxQueue	0	static
../Core/Src/canard.c:663:7:canardCleanupStaleTransfers	32	static
../Core/Src/canard.c:730:10:canardDecodeScalar	80	static
../Core/Src/canard.c:905:7:canardEncodeScalar	32	static
../Core/Src/canard.c:997:7:canardReleaseRxTransferPayload	8	static
../Core/Src/canard.c:1012:32:canardGetPoolAllocatorStatistics	0	static
../Core/Src/canard.c:1017:11:canardConvertNativeFloatToFloat16	8	static
../Core/Src/canard.c:1061:8:canardConvertFloat16ToNativeFloat	0	static
../Core/Src/canard.c:1418:21:extractTransferType	0	static
../Core/Src/canard.c:1398:11:extractDataType	8	static
../Core/Src/canard.c:403:10:canardHandleRxFrame	120	static
