../Core/Src/stm32l5xx_hal_msp.c:76:6:HAL_MspInit	16	static
../Core/Src/stm32l5xx_hal_msp.c:105:6:HAL_FDCAN_MspInit	184	static
../Core/Src/stm32l5xx_hal_msp.c:156:6:HAL_FDCAN_MspDeInit	8	static
../Core/Src/stm32l5xx_hal_msp.c:187:6:HAL_RTC_MspInit	160	static
../Core/Src/stm32l5xx_hal_msp.c:222:6:HAL_RTC_MspDeInit	0	static
../Core/Src/stm32l5xx_hal_msp.c:245:6:HAL_SPI_MspInit	48	static
../Core/Src/stm32l5xx_hal_msp.c:328:6:HAL_SPI_MspDeInit	8	static
../Core/Src/stm32l5xx_hal_msp.c:361:6:HAL_TIM_Base_MspInit	16	static
../Core/Src/stm32l5xx_hal_msp.c:399:6:HAL_TIM_MspPostInit	40	static
../Core/Src/stm32l5xx_hal_msp.c:477:6:HAL_TIM_Base_MspDeInit	0	static
../Core/Src/stm32l5xx_hal_msp.c:521:6:HAL_UART_MspInit	208	static
../Core/Src/stm32l5xx_hal_msp.c:736:6:HAL_UART_MspDeInit	8	static
